strings/bcmp
strings/bcopy
strings/bzero
strings/index
strings/memchr
strings/memchr_callee
strings/memcmp
strings/memcmp_callee
strings/memcpy
strings/memcpy_callee
strings/memmove
strings/memmove_callee
strings/memopd
strings/memopd_callee
strings/memopi
strings/memopi_callee
strings/memops
strings/memrchr
strings/memrchr_callee
strings/memset
strings/memset_callee
strings/memswap
strings/memswap_callee
strings/rindex
strings/strcasecmp
strings/strcat
strings/strcat_callee
strings/strchr
strings/strchr_callee
strings/strchrnul
strings/strchrnul_callee
strings/strcmp
strings/strcmp_callee
strings/strcpy
strings/strcpy_callee
strings/strcspn
strings/strcspn_callee
strings/stricmp
strings/stricmp_callee
strings/strlcat
strings/strlcat_callee
strings/strlcpy
strings/strlcpy_callee
strings/strlen
strings/strlwr
strings/strncasecmp
strings/strncat
strings/strncat_callee
strings/strncmp
strings/strncmp_callee
strings/strncpy
strings/strncpy_callee
strings/strnicmp
strings/strnicmp_callee
strings/strpbrk
strings/strpbrk_callee
strings/strpos
strings/strpos_callee
strings/strrchr
strings/strrchr_callee
strings/strrev
strings/strrstr
strings/strrstr_callee
strings/strrstrip
strings/strrstrip_callee
strings/strsep
strings/strsep_callee
strings/strspn
strings/strspn_callee
strings/strstr
strings/strstr_callee
strings/strstrip
strings/strstrip_callee
strings/strtok
strings/strtok_callee
strings/strtok_r
strings/strtok_r_callee
strings/strupr
