input/spectrum/in_GetKey
input/spectrum/in_GetKeyReset
input/spectrum/in_Inkey
input/spectrum/in_JoyFuller
input/spectrum/in_JoyKempston
input/spectrum/in_JoyKeyboard
input/spectrum/in_JoySinclair1
input/spectrum/in_JoySinclair2
input/spectrum/in_JoyTimex1
input/spectrum/in_JoyTimex2
input/spectrum/in_KeyPressed
input/spectrum/in_keytranstbl
input/spectrum/in_LookupKey
input/spectrum/in_MouseAMX
input/spectrum/in_MouseAMX_callee
input/spectrum/in_MouseAMXInit
input/spectrum/in_MouseAMXInit_callee
input/spectrum/in_MouseAMXSetPos
input/spectrum/in_MouseAMXSetPos_callee
input/spectrum/in_MouseKemp
input/spectrum/in_MouseKemp_callee
input/spectrum/in_MouseKempInit
input/spectrum/in_MouseKempSetPos
input/spectrum/in_MouseKempSetPos_callee
input/spectrum/in_MouseSim
input/spectrum/in_MouseSim_callee
input/spectrum/in_MouseSimInit
input/spectrum/in_MouseSimInit_fastcall
input/spectrum/in_MouseSimSetPos
input/spectrum/in_MouseSimSetPos_callee
input/spectrum/in_Pause
input/spectrum/in_Wait
input/spectrum/in_WaitForKey
input/spectrum/in_WaitForNoKey
input/spectrum/INMouseAMX
input/spectrum/INMouseKemp
input/spectrum/INMouseSim
