zx81/cnvtab
zx81/filltxt
zx81/rollchr
zx81/gen_tv_field_init
zx81/gen_tv_field
zx81/invtxt
zx81/mirrortxt
zx81/scrolluptxt
zx81/scrolldowntxt
zx81/zx_cls
zx81/zx_topleft
zx81/zx81toasc
zx81/asctozx81
zx81/zx_ascii
zx81/ascii_zx
zx81/zx_asciimode
zx81/zx_break
zx81/zx_coord_adj
zx81/zx_dfile_addr
zx81/zx_setcursorpos
zx81/zx_setcursorpos_callee
zx81/basic/zx_basemem
zx81/basic/zx_basic_length
zx81/basic/zx_getint
zx81/basic/zx_getstr
zx81/basic/zx_getstr_callee
zx81/basic/zx_line
zx81/basic/zx_setint
zx81/basic/zx_locatenum
zx81/basic/zx_setint_callee
zx81/basic/zx_setstr
zx81/basic/zx_setstr_callee
zx81/basic/zx_var_length
zx81/basic/zx_getfloat
zx81/basic/zx_setfloat
zx81/basic/zx_setfloat_callee
zx81/chroma81/zx_attr.asm
zx81/chroma81/zx_attr_callee.asm
zx81/chroma81/zx_border.asm
zx81/chroma81/zx_colour.asm
zx81/chroma81/zx_aaddr2cx.asm
zx81/chroma81/zx_aaddr2cy.asm
zx81/chroma81/zx_aaddr2px.asm
zx81/chroma81/zx_aaddr2py.asm
zx81/chroma81/zx_aaddrcdown.asm
zx81/chroma81/zx_aaddrcleft.asm
zx81/chroma81/zx_aaddrcright.asm
zx81/chroma81/zx_aaddrcup.asm
zx81/chroma81/zx_cy2aaddr.asm
zx81/chroma81/zx_cyx2aaddr.asm
zx81/chroma81/zx_cyx2aaddr_callee.asm
zx81/chroma81/zx_pxy2aaddr.asm
zx81/chroma81/zx_pxy2aaddr_callee.asm
zx81/chroma81/zx_py2aaddr.asm
zx81/tape/musamy_save
zx81/tape/tape_save_block
zx81/tape/tape_save_block_callee
zx81/tape/set_tape_speed
zx81/tape/musamy_load
zx81/tape/tape_load_block
zx81/tape/tape_load_block_callee
