error/stdio_errno_mc
error/stdio_errno_zc
error/stdio_error_eacces_mc
error/stdio_error_ebadf_mc
error/stdio_error_ebadf_zc
error/stdio_error_edevnf_mc
error/stdio_error_einval_mc
error/stdio_error_einval_zc
error/stdio_error_enfile_mc
error/stdio_error_enfile_zc
error/stdio_error_enomem_mc
error/stdio_error_enomem_zc
error/stdio_error_mc
error/stdio_error_zc
error/stdio_success_znc
fd/general/stdio_descendchain
fd/general/stdio_dupcommon1
fd/general/stdio_dupcommon2
fd/general/stdio_fdcommon1
fd/general/stdio_findfdslot
fd/general/stdio_findfdstruct
fd/general/stdio_getfdstruct
fd/general/stdio_getfdtblentry
fd/close
fd/closeall
fd/dup2
fd/dup2_callee
fd/dup
fd/filter
fd/filter_callee
fd/fsync
fd/ioctl
fd/ioctl_callee
fd/lseek
fd/lseek_callee
fd/open
fd/open_callee
fd/pipe
fd/poll
fd/poll_callee
fd/pollfd
fd/pollfd_callee
fd/read
fd/read_callee
fd/readbyte
fd/setdefdev
fd/write
fd/write_callee
fd/writebyte
fd/writebyte_callee
file/general/stdio_findfileslot
file/general/stdio_findfilestruct
file/general/stdio_parseperm
file/stream-in/stdio_atou_any_stream
file/stream-in/stdio_atoul_any_stream
file/stream-in/stdio_consumesign
file/stream-in/stdio_consumews
file/stream-in/stdio_getchar
file/stream-in/stdio_in_b
file/stream-in/stdio_in_bkt
file/stream-in/stdio_in_c
file/stream-in/stdio_in_capi
file/stream-in/stdio_in_capm
file/stream-in/stdio_in_d
file/stream-in/stdio_in_i
file/stream-in/stdio_in_lb
file/stream-in/stdio_in_ld
file/stream-in/stdio_in_li
file/stream-in/stdio_in_lo
file/stream-in/stdio_in_lx
file/stream-in/stdio_in_n
file/stream-in/stdio_in_o
file/stream-in/stdio_in_s
file/stream-in/stdio_in_x
file/stream-in/stdio_incommon1
file/stream-in/stdio_incommon2
file/stream-in/stdio_incommon3
file/stream-in/stdio_inexit
file/stream-in/stdio_longzeroonstream
file/stream-in/stdio_ungetchar
file/stream-in/stdio_zeroonstream
file/stream-out/stdio_out_b
file/stream-out/stdio_out_c
file/stream-out/stdio_out_capi
file/stream-out/stdio_out_caplp
file/stream-out/stdio_out_caplx
file/stream-out/stdio_out_capm
file/stream-out/stdio_out_capp
file/stream-out/stdio_out_capx
file/stream-out/stdio_out_d
file/stream-out/stdio_out_lb
file/stream-out/stdio_out_ld
file/stream-out/stdio_out_lo
file/stream-out/stdio_out_lp
file/stream-out/stdio_out_lu
file/stream-out/stdio_out_lx
file/stream-out/stdio_out_n
file/stream-out/stdio_out_o
file/stream-out/stdio_out_p
file/stream-out/stdio_out_s
file/stream-out/stdio_out_u
file/stream-out/stdio_out_x
file/stream-out/stdio_outbuff
file/stream-out/stdio_outchar
file/stream-out/stdio_outcommon
file/stream-out/stdio_outpad
file/stream-out/stdio_outsign
file/asprintf
file/fclose
file/fcloseall
file/fdopen
file/fdopen_callee
file/feof
file/ferror
file/fflush
file/fgetc
file/fgetpos
file/fgetpos_callee
file/fgets
file/fgets_callee
file/fileno
file/fopen
file/fopen_callee
file/fprintf
file/fputc
file/fputc_callee
file/fputs
file/fputs_callee
file/fread
file/fread_callee
file/freopen
file/freopen_callee
file/fscanf
file/fseek
file/fseek_callee
file/fsetpos
file/fsetpos_callee
file/ftell
file/fwrite
file/fwrite_callee
file/getchar
file/getdelim
file/getdelim_callee
file/getline
file/getline_callee
file/gets
file/printf
file/putchar
file/puts
file/rewind
file/scanf
file/snprintf
file/sprintf
file/sscanf
file/ungetc
file/ungetc_callee
file/vasprintf
file/vasprintf_callee
file/vfprintf
file/vfprintf_callee
file/vfscanf
file/vfscanf_callee
file/vprintf
file/vprintf_callee
file/vscanf
file/vscanf_callee
file/vsnprintf
file/vsnprintf_callee
file/vsprintf
file/vsprintf_callee
file/vsscanf
file/vsscanf_callee
general/stdio_atou
general/stdio_basechar
general/stdio_buff2caps
general/stdio_free
general/stdio_idle
general/stdio_longnumprec
general/stdio_malloc
general/stdio_nextarg
general/stdio_numprec
general/stdio_ultoa_any
general/stdio_utoa_any
general/stdio_varg
