c128/savecia
c128/restorecia
c128/getkeyscia
c128/getjoyscia
c128/gettimeracia
c128/gettimerbcia
c128/gettodcia
c128/setintctrlcia
c128/settimeracia
c128/settimerbcia
c128/settodcia
c128/timervalcia
c128/todcharcia
c128/todstrcia
c128/invdc
c128/outvdc
c128/outvdc_callee
c128/is64kvdc
c128/printstrvdc
c128/set64kvdc
c128/set80x50textvdc
c128/setbitmapvdc
c128/setbitmapintvdc
c128/attrsonvdc
c128/attrsoffvdc
c128/setpixvdc
c128/setpixivdc
c128/vdcget
c128/vdcset
c128/printbmivdc
c128/printbmvdc
c128/memtobufvdc
c128/buftomemvdc
c128/circlepointsvdc
c128/circleivdc
c128/clrattrvdc
c128/clrbitmapvdc
c128/clrscrvdc
c128/copymemvdc
c128/copydspvdc
c128/setcursorvdc
c128/ellipsevdc
c128/ellipseivdc
c128/fillattrvdc
c128/filldspvdc
c128/fillmemvdc
c128/linevdc
c128/lineivdc
c128/mapvdc
c128/initpcx
c128/donepcx
c128/decodelinepcx
c128/decodefilepcx
c128/decodelineintpcx
c128/decodefileintpcx
c128/savevdc
c128/restorevdc
c128/setcharvdc
c128/setdsppagevdc
c128/scrollupvdc
c128/scrolldownvdc
c128/winvdc
c128/clrwinattrvdc
c128/clrwinvdc
c128/playzb4sid
c128/attacksid
c128/releasesid
c128/clearsid
c128/volumesid
c128/envelopesid
c128/freqsid
c128/pulsewavesid
c128/getmousesid
c128/getpotssid
games/joystick
games/c128/bit_open
games/c128/bit_open_di
games/c128/bit_close
games/c128/bit_close_ei
games/bit_click
games/bit_play
games/bit_fx
games/bit_fx2
games/bit_fx3
games/bit_fx4
games/bit_synth
games/bit_frequency
games/bit_beep
games/beeper
