stdio/enterprise/fgetc_cons
stdio/enterprise/getk
stdio/enterprise/fputc_cons
stdio/enterprise/puts_cons
time/enterprise/clock
games/enterprise/joystick
games/enterprise/bit_open
games/enterprise/bit_open_di
games/enterprise/bit_close
games/enterprise/bit_close_ei
games/bit_click
games/bit_play
games/bit_fx
games/bit_fx2
games/bit_fx3
games/bit_fx4
games/bit_synth
games/bit_frequency
games/bit_beep
games/beeper
enterprise/exos_capture_channel
enterprise/exos_capture_channel_callee
enterprise/exos_channel_read_status
enterprise/exos_close_channel
enterprise/exos_create_channel
enterprise/exos_create_channel_callee
enterprise/exos_destroy_channel
enterprise/exos_display_page
enterprise/exos_open_channel
enterprise/exos_open_channel_callee
enterprise/exos_read_block
enterprise/exos_read_character
enterprise/exos_redirect_channel
enterprise/exos_redirect_channel_callee
enterprise/exos_system_reset
enterprise/exos_system_status
enterprise/exos_write_block
enterprise/exos_write_character
enterprise/exos_write_character_callee
enterprise/get_exos_variable
enterprise/set_exos_variable
enterprise/set_exos_variable_callee
enterprise/toggle_exos_variable
enterprise/exos_set_vmode
enterprise/exos_reset_font
enterprise/lpt_ready
@z80.lst
