stdio/msx/fgetc_cons
stdio/msx/getk
stdio/msx/fputc_cons
stdio/puts_cons
fcntl/cpm/bios
fcntl/cpm/bdos
fcntl/cpm/close
fcntl/cpm/creat
fcntl/cpm/change_volume
fcntl/cpm/dir_move_first
fcntl/cpm/dir_move_next
fcntl/cpm/dir_get_entry_type
fcntl/cpm/dir_get_entry_name
fcntl/cpm/dir_get_entry_size
fcntl/cpm/get_current_volume
fcntl/cpm/get_dir_name
fcntl/cpm/fdtell
fcntl/cpm/getfcb
fcntl/cpm/lseek
fcntl/cpm/open
fcntl/cpm/open_z88
fcntl/cpm/parsefcb
fcntl/cpm/_putoffset
fcntl/cpm/read
fcntl/cpm/readbyte
fcntl/cpm/remove
fcntl/cpm/rename
fcntl/cpm/setfcb
fcntl/cpm/write
fcntl/cpm/writebyte
@gfxbase.lst
graphics/dcircle
graphics/msx/clg
graphics/clrarea
graphics/lftscrol
graphics/msx/pixladdr
graphics/msx/plotpixl
graphics/msx/respixl
graphics/msx/xorpixl
graphics/msx/pointxy
graphics/msx/fill
graphics/getsprite
graphics/putsprite2
graphics/msx/bksave
graphics/msx/bkrestore
graphics/liner
graphics/msx/swapgfxbk
graphics/msx/stencil_render
graphics/msx/surface/surface_circle
graphics/msx/surface/surface_draw
graphics/msx/surface/surface_pixladdr
graphics/msx/surface/surface_plotpixl
graphics/msx/surface/surface_stencil_render
games/msx/joystick
games/msx/bit_open
games/msx/bit_open_di
games/msx/bit_close
games/msx/bit_close_ei
games/bit_click
games/bit_play
games/bit_fx
games/bit_fx2
games/bit_fx3
games/bit_fx4
games/bit_synth
games/bit_frequency
games/bit_beep
games/beeper
msx/msxbasic
msx/msxextrom
msx/msxrompage
msx/set_vdp_reg
msx/get_vdp_reg
msx/msx_blank
msx/msx_blit
msx/msx_blit_fill_vram
msx/msx_blit_ram_vram
msx/msx_break
msx/msx_breakoff
msx/msx_breakon
msx/msx_calculate_side
msx/msx_clearkey
msx/msx_color
msx/msx_get_stick
msx/msx_get_trigger
msx/msx_locate
msx/msx_lpt
msx/msx_map_m2_block
msx/msx_map_m2_pixel
msx/msx_map_m2_subpixel
msx/msx_noblank
msx/msx_put_sprite_16
msx/msx_put_sprite_8
msx/msx_screen
msx/msx_screenmode
msx/msx_set_char
msx/msx_set_char_attr
msx/msx_set_char_color
msx/msx_set_char_form
msx/msx_set_mangled_mode
msx/msx_set_mode
msx/msx_set_sprite_16
msx/msx_set_sprite_8
msx/msx_set_sprite_mode
msx/msx_text
msx/msx_type
msx/msx_vfill
msx/msx_vfill_v
msx/msx_vmerge
msx/msx_vpeek
msx/msx_vpoke
msx/msx_vram
msx/msx_vread
msx/msx_vwrite
msx/msx_vwrite_direct
psg/msx/psg_init
psg/msx/get_psg
psg/msx/set_psg
psg/msx/set_psg_callee
@psg/psg.lst
@z80.lst
