stdio/nc100/fgetc_cons
stdio/nc100/fputc_cons
stdio/fgets_cons
stdio/nc100/getk
stdio/puts_cons
games/joystick
fcntl/nc100/open
fcntl/nc100/opendir
fcntl/nc100/creat
fcntl/nc100/close
fcntl/nc100/read
fcntl/nc100/write
fcntl/nc100/lseek
fcntl/nc100/open_z88
fcntl/nc100/readbyte
fcntl/nc100/_fsize
fcntl/nc100/_fsizehandle
fcntl/nc100/_lseek
fcntl/nc100/_tell
fcntl/nc100/fabandon
fcntl/nc100/remove
fcntl/nc100/rename
fcntl/nc100/_fdatestamp
fcntl/nc100/_fgetattr
fcntl/nc100/_fsetattr
fcntl/nc100/_findfirst
fcntl/nc100/_findnext
fcntl/nc100/_ftesteof
fcntl/nc100/_fdatestamp
fcntl/nc100/_setdta
fcntl/nc100/writebyte
nc100/col1
nc100/col1text
nc100/editbuf
nc100/heapaddress
nc100/heapalloc
nc100/heapfree
nc100/heaplock
nc100/heapmaxfree
nc100/heaprealloc
nc100/kmcharreturn.sm
nc100/kmgetyellow
nc100/kmreadchar
nc100/kmreadkbd
nc100/kmsetexpand
nc100/kmsettickcount
nc100/kmsetyellow
nc100/kmwaitkbd
nc100/lapcat_receive
nc100/lapcat_send
nc100/mcprintchar
nc100/mcreadyprinter
nc100/mcsetprinter
nc100/padgetticker
nc100/padgettime
nc100/padgetversion
nc100/padinitserial
nc100/padinserial
nc100/padoutparallel
nc100/padoutserial
nc100/padreadyparallel
nc100/padreadyserial
nc100/padresetserial
nc100/padserialwaiting
nc100/padsetalarm
nc100/padsettime
nc100/pagemodeoff
nc100/pagemodeon
nc100/readbuf
nc100/selectfile
nc100/testescape
nc100/textout
nc100/textoutcount
nc100/txtboldoff
nc100/txtboldon
nc100/txtcuroff
nc100/txtcuron
nc100/txtgetcursor
nc100/txtgetwindow
nc100/txtinverseoff
nc100/txtinverseon
nc100/txtoutput
nc100/txtsetcursor
nc100/txtsetwindow
nc100/txtunderlineoff
nc100/txtunderlineon
nc100/txtwrchar
@z80.lst
