stdio/oz/fgetc_cons
stdio/oz/getk
stdio/ansi/f_ansi
stdio/ansi/f_ansi_lf
stdio/ansi/f_ansi_putc
stdio/ansi/fputc_cons
stdio/ansi/puts_cons
stdio/ansi/f_ansi_dsr6
stdio/ansi/oz/f_ansi_attr
stdio/ansi/oz/f_ansi_bel
stdio/ansi/oz/f_ansi_char
stdio/ansi/oz/f_ansi_cls
stdio/ansi/generic/f_ansi_dline
stdio/ansi/oz/f_ansi_scrollup
@gfxbase.lst
graphics/dcircle
graphics/oz/clg
graphics/clrarea
graphics/lftscrol
graphics/plotpixl
graphics/respixl
graphics/xorpixl
graphics/pointxy
graphics/fill
graphics/dfill
graphics/getsprite
graphics/oz/putsprite
graphics/bksave
graphics/bkrestore
graphics/spectrum/rowtab
graphics/oz/pixladdr
graphics/liner
graphics/oz/stencil_render
graphics/oz/swapgfxbk
games/joystick
@z80.lst
oz/restore_a000
oz/ozcopy
oz/ozdetectmodel
oz/ozinput/ozclick
oz/ozinput/ozeditline
oz/ozinput/ozkbdon
oz/ozinput/ozkbdoff
oz/ozinput/ozkeyclear
oz/ozinput/ozkeyhit
oz/ozinput/ozkeyupper
oz/ozinput/ozkeylower
oz/ozinput/ozgetch
oz/ozinput/ozungetch
oz/ozinterrupt/ozintwait
oz/ozinterrupt/serial_int
oz/ozinterrupt/ozsetisr
oz/ozinterrupt/ozinstisr
oz/ozmisc/ozgetautorun
oz/ozmisc/ozportin
oz/ozmisc/ozportout
oz/ozmisc/ozdelay
oz/ozmisc/ozexitto
oz/ozmisc/ozinitsound
oz/ozmisc/ozsound
oz/ozmisc/ozquiet
oz/ozscreen/ozsetcontrast
oz/ozscreen/ozgetcontrast
oz/ozscreen/ozblankscreen
oz/ozscreen/ozunblankscreen
oz/ozscreen/ozfast
oz/ozscreen/ozsetlight
oz/ozscreen/oztogglelight
oz/ozscreen/ozsetlcdstate
oz/oztime/oztime
oz/oztime/ozhour
oz/oztime/ozmin
oz/oztime/ozsec
oz/oztime/ozweekday
oz/oztime/ozday
oz/oztime/ozmonth
oz/oztime/ozyear
oz/oztime/oztimecompute
oz/ozgfx/ozdisplayputbyte
oz/ozgfx/ozdisplayorbyte
oz/ozgfx/ozdisplayandbyte
oz/ozgfx/ozsetfont
oz/ozgfx/ozgetfont
oz/ozgfx/ozputs
oz/ozgfx/ozfontpointers
oz/ozgfx/ozputch
oz/ozgfx/ozrestorescreen
oz/ozgfx/ozsavescreen
oz/ozgfx/ozscroll
oz/ozgfx/ozscrolldown
oz/ozgfx/ozscrollclear
oz/ozgfx/ozscrolllinesclear
oz/ozgfx/ozactivatedisplaypage
oz/ozgfx/ozdisplayactivepage
oz/ozgfx/ozgetactivepage
oz/ozgfx/ozgetdisplaypage
oz/ozgfx/ozsetactivepage
oz/ozgfx/ozsetdisplaypage
oz/ozgfx/ozswapactivedisplay
oz/ozgfx/ozputsprite
oz/ozserial/ozsnap
oz/ozserial/ozclearserialbuffer
oz/ozserial/ozgetrxhandshaking
oz/ozserial/ozsetrxhandshaking
oz/ozserial/ozserialgetc
oz/ozserial/ozserialin
oz/ozserial/ozserialout
oz/ozserial/ozserinton
oz/ozserial/ozserintoff
oz/ozserial/ozdatabits
oz/ozserial/ozstopbits
oz/ozserial/ozparity
oz/ozserial/ozsetbaud
oz/ozserial/ozgetbaud
oz/ozserial/ozsetlcr
oz/ozserial/ozgetlcr
oz/emu/ozgfx/ozbox
oz/emu/ozgfx/ozfilledbox
oz/emu/ozgfx/ozcircle
oz/emu/ozgfx/ozline
oz/emu/ozgfx/ozhline
oz/emu/ozgfx/ozvline
oz/emu/ozgfx/ozplotpixel
oz/emu/ozgfx/ozpoint
oz/emu/ozgfx/ozpointcolor
oz/emu/ozgfx/ozgetpoint
