@ctype/ctype.lst
stdio/closeall
stdio/8080/fchkstd
stdio/8080/fclose
stdio/feof
stdio/8080/fgetc
stdio/fgetpos
stdio/fgets
stdio/fopen
stdio/fopen_z88
stdio/8080/fputc
stdio/8080/fputs
stdio/fread
stdio/freopen
stdio/freopen_z88
stdio/ftell
stdio/fwrite
stdio/gets
stdio/8080/vfprintf_mini
stdio/printk
stdio/printn
stdio/puts
stdio/8080/ungetc
stdio/8080/fabandon
stdio/rcmx000/fgetc_cons
stdio/rcmx000/cnvtab
stdio/fgets_cons
stdio/rcmx000/getk
stdio/puts_cons
stdio/rcmx000/fputc_cons
@stdlib/stdlib.lst
@strings/string.lst
setjmp/longjmp
setjmp/setjmp
assert/assert
time/rcmx000/clock
printflike/printf
printflike/fprintf
printflike/sprintf
printflike/vfprintf_comp
printflike/vfprintf_fp
printflike/vsprintf
printflike/itod
printflike/itou
printflike/itox
printflike/utoi
printflike/scanf
printflike/sscanf
printflike/fscanf
printflike/vfscanf
printflike/vsscanf
printflike/ltoa_any
z80_crt0s/z80_emu/rcmx_cpd
z80_crt0s/z80_emu/rcmx_cpdr
z80_crt0s/z80_emu/rcmx_cpi
z80_crt0s/z80_emu/rcmx_cpir
z80_crt0s/z80_emu/rcmx_rld
z80_crt0s/z80_emu/rcmx_rrd
