@input/spectrum.lst
stdio/sam/fgetc_cons
stdio/sam/getk
stdio/ansi/f_ansi
stdio/ansi/f_ansi_lf
stdio/ansi/f_ansi_putc
stdio/ansi/fputc_cons
stdio/ansi/puts_cons
stdio/ansi/f_ansi_dsr6
stdio/ansi/sam/f_ansi_attr
stdio/ansi/sam/f_ansi_bel
stdio/ansi/sam/f_ansi_char
stdio/ansi/sam/f_ansi_cls
stdio/ansi/sam/f_ansi_default
stdio/ansi/sam/f_ansi_dline
stdio/ansi/sam/f_ansi_restore
stdio/ansi/sam/f_ansi_scrollup
time/spectrum/clock
@gfxbase.lst
graphics/dcircle
graphics/spectrum/clg
graphics/clrarea2
graphics/lftscrol
graphics/plotpixl
graphics/respixl
graphics/xorpixl
graphics/pointxy
graphics/fill
graphics/dfill
graphics/getsprite
graphics/liner
graphics/stencil_render
graphics/spectrum/putsprite
graphics/spectrum/bksave
graphics/spectrum/bkrestore
graphics/spectrum/rowtab
graphics/spectrum/pixladdr
graphics/sam/swapgfxbk
games/joystick
games/spectrum/bit_open
games/spectrum/bit_open_di
games/spectrum/bit_close
games/spectrum/bit_close_ei
games/bit_click
games/bit_play
games/bit_fx
games/bit_fx2
games/bit_fx3
games/bit_fx4
games/bit_synth
games/bit_frequency
games/bit_beep
games/sam/beeper
@spectrum/spectrum.lst
@z80.lst
