stdio/vz200/fgetc_cons
stdio/vz200/getk
stdio/ansi/f_ansi
stdio/ansi/f_ansi_lf
stdio/ansi/f_ansi_putc
stdio/ansi/fputc_cons
stdio/ansi/puts_cons
stdio/ansi/f_ansi_dsr6
stdio/ansi/vz200/f_ansi_attr
stdio/ansi/vz200/f_ansi_bel
stdio/ansi/vz200/f_ansi_char
stdio/ansi/vz200/f_ansi_cls
stdio/ansi/vz200/f_ansi_dline
stdio/ansi/vz200/f_ansi_scrollup
@gfxbase.lst
graphics/dcircle
graphics/clg
graphics/vz200/clsgraph
graphics/clrarea
graphics/lftscrol
graphics/vz200/pixladdr
graphics/plotpixl
graphics/respixl
graphics/xorpixl
graphics/pointxy
graphics/fill
graphics/dfill
graphics/getsprite
graphics/liner
graphics/stencil_render
graphics/vz200/putsprite
graphics/vz200/bksave
graphics/vz200/bkrestore
graphics/vz200/swapgfxbk
games/joystick
games/vz/bit_open
games/vz/bit_open_di
games/vz/bit_close
games/vz/bit_close_ei
games/bit_click_mwr
games/bit_play
games/bit_fx_mwr
games/bit_fx2_mwr
games/bit_fx3_mwr
games/bit_fx4_mwr
games/bit_synth_mwr
games/bit_frequency
games/bit_beep
games/beeper_mwr
vz/vz_bgrd
vz/vz_brick
vz/vz_brick_callee
vz/vz_char_draw
vz/vz_clrscr
vz/vz_color
vz/vz_getch
vz/vz_gotoxy
vz/vz_gotoxy_callee
vz/vz_inch
vz/vz_line
vz/vz_line_callee
vz/vz_midstr
vz/vz_midstr_callee
vz/vz_mode
vz/vz_plot
vz/vz_plot_callee
vz/vz_score
vz/vz_score_callee
vz/vz_setbase
vz/vz_shape
vz/vz_sound
vz/vz_sound_callee
vz/vz_soundcopy
vz/vz_soundcopy_callee
@z80.lst
