stdio/z88/fgetc_cons
stdio/z88/fgets_cons
stdio/z88/fputc_cons
stdio/z88/getcmd
stdio/z88/getk
stdio/z88/puts_cons
stdio/zsock/opennet
stdio/zsock/closenet
stdio/zsock/fgetc_net
stdio/zsock/fputc_net
stdio/zsock/fflush_net
fcntl/z88/fdgetpos
fcntl/z88/fdtell
fcntl/z88/rename
fcntl/z88/remove
fcntl/z88/open
fcntl/z88/open_z88
fcntl/z88/close
fcntl/z88/lseek
fcntl/z88/read
fcntl/z88/creat
fcntl/z88/write
fcntl/z88/readbyte
fcntl/z88/writebyte
fcntl/z88/stat
fcntl/z88/opendor
fcntl/z88/closedor
fcntl/z88/readdor
fcntl/z88/writedor
fcntl/z88/deletedor
fcntl/z88/sondor
fcntl/z88/brotherdor
stdlib/z88/atol
stdlib/z88/getcwd
stdlib/z88/mkdir
time/gmtime
time/localtime
time/z88/clock
time/z88/time
games/joystick
games/z88/bit_open
games/z88/bit_open_di
games/z88/bit_close
games/z88/bit_close_ei
games/bit_click
games/bit_play
games/bit_fx
games/bit_fx2
games/bit_fx3
games/bit_fx4
games/bit_synth
games/bit_frequency
games/bit_beep
games/z88/beeper
rs232/z88/rs232_close
rs232/z88/rs232_get
rs232/z88/rs232_init
rs232/z88/rs232_params
rs232/z88/rs232_put
@z80.lst
