heap/adt_HeapAdd
heap/adt_HeapAdd_callee
heap/adt_HeapExtract
heap/adt_HeapExtract_callee
heap/adt_Heapify
heap/adt_Heapify_callee
heap/ADThcompare
heap/ADTHeapAdd
heap/ADTHeapExtract
heap/ADTHeapify
heap/ADTHeapSiftDown
heap/ADTHeapSiftUp
linkedlist/adt_ListAdd
linkedlist/adt_ListAdd_callee
linkedlist/adt_ListAppend
linkedlist/adt_ListAppend_callee
linkedlist/adt_ListConcat
linkedlist/adt_ListConcat_callee
linkedlist/adt_ListCount
linkedlist/adt_ListCreate
linkedlist/adt_ListCreateS
linkedlist/adt_ListCurr
linkedlist/adt_ListDelete
linkedlist/adt_ListDelete_callee
linkedlist/adt_ListDeleteS
linkedlist/adt_ListDeleteS_callee
linkedlist/adt_ListFirst
linkedlist/adt_ListInsert
linkedlist/adt_ListInsert_callee
linkedlist/adt_ListLast
linkedlist/adt_ListNext
linkedlist/adt_ListPopFront
linkedlist/adt_ListPrepend
linkedlist/adt_ListPrepend_callee
linkedlist/adt_ListPrev
linkedlist/adt_ListRemove
linkedlist/adt_ListSearch
linkedlist/adt_ListSearch_callee
linkedlist/adt_ListSetCurr
linkedlist/adt_ListSetCurr_callee
linkedlist/adt_ListSetCurrAfter
linkedlist/adt_ListSetCurrBefore
linkedlist/adt_ListTrim
linkedlist/ADTemptylistadd
linkedlist/ADTListSearch
queue/adt_QueueBack
queue/adt_QueueCreate
queue/adt_QueueCreateS
queue/adt_QueueDelete
queue/adt_QueueDelete_callee
queue/adt_QueueDeleteS
queue/adt_QueueDeleteS_callee
queue/adt_QueueFront
queue/adt_QueuePopBack
queue/adt_QueuePopFront
queue/adt_QueuePushBack
queue/adt_QueuePushBack_callee
queue/adt_QueuePushFront
queue/adt_QueuePushFront_callee
queue/adt_QueueCount
stack/adt_StackCreate
stack/adt_StackCreateS
stack/adt_StackDelete
stack/adt_StackDelete_callee
stack/adt_StackDeleteS
stack/adt_StackDeleteS_callee
stack/adt_StackPeek
stack/adt_StackPop
stack/adt_StackPush
stack/adt_StackPush_callee
stack/adt_StackCount
