graphics/spectrum/rowtab
spectrum/zx_attr
spectrum/zx_attr_callee
spectrum/zx_border
spectrum/zx_break
spectrum/zx_colour
spectrum/zx_screenstr
spectrum/zx_screenstr_callee
spectrum/basic/zx_basemem
spectrum/basic/zx_basic_length
spectrum/basic/zx_extsys
spectrum/basic/zx_getfloat
spectrum/basic/zx_getint
spectrum/basic/zx_getstr
spectrum/basic/zx_getstr_callee
spectrum/basic/zx_goto
spectrum/basic/zx_locatenum
spectrum/basic/zx_setfloat
spectrum/basic/zx_setfloat_callee
spectrum/basic/zx_setint
spectrum/basic/zx_setint_callee
spectrum/basic/zx_setstr
spectrum/basic/zx_setstr_callee
spectrum/basic/zx_syntax
spectrum/basic/zx_var_length
spectrum/diagnostic/if1_installed
spectrum/diagnostic/trdos_installed
spectrum/diagnostic/zx_128mode
spectrum/diagnostic/zx_betadisk
spectrum/diagnostic/zx_disciple
spectrum/diagnostic/zx_floatingbus
spectrum/diagnostic/zx_fullerstick
spectrum/diagnostic/zx_interface1
spectrum/diagnostic/zx_iss_stick
spectrum/diagnostic/zx_issue3
spectrum/diagnostic/zx_kempston
spectrum/diagnostic/zx_kempstonmouse
spectrum/diagnostic/zx_mb02
spectrum/diagnostic/zx_model
spectrum/diagnostic/zx_multiface
spectrum/diagnostic/zx_opus
spectrum/diagnostic/zx_plus3fdc
spectrum/diagnostic/zx_printer
spectrum/diagnostic/zx_soundchip
spectrum/diagnostic/zx_timexsound
spectrum/diagnostic/zx_type
spectrum/diagnostic/zx_zxmmc
spectrum/diagnostic/zx_ulaplus
spectrum/display/zx_aaddr2cx
spectrum/display/zx_aaddr2cy
spectrum/display/zx_aaddr2px
spectrum/display/zx_aaddr2py
spectrum/display/zx_aaddr2saddr
spectrum/display/zx_aaddrcdown
spectrum/display/zx_aaddrcleft
spectrum/display/zx_aaddrcright
spectrum/display/zx_aaddrcup
spectrum/display/zx_cy2aaddr
spectrum/display/zx_cy2saddr
spectrum/display/zx_cyx2aaddr
spectrum/display/zx_cyx2aaddr_callee
spectrum/display/zx_cyx2saddr
spectrum/display/zx_cyx2saddr_callee
spectrum/display/zx_pxy2aaddr
spectrum/display/zx_pxy2aaddr_callee
spectrum/display/zx_pxy2saddr
spectrum/display/zx_pxy2saddr_callee
spectrum/display/zx_py2aaddr
spectrum/display/zx_py2saddr
spectrum/display/zx_saddr2aaddr
spectrum/display/zx_saddr2cx
spectrum/display/zx_saddr2cy
spectrum/display/zx_saddr2px
spectrum/display/zx_saddr2px_callee
spectrum/display/zx_saddr2py
spectrum/display/zx_saddrcdown
spectrum/display/zx_saddrcleft
spectrum/display/zx_saddrcright
spectrum/display/zx_saddrcup
spectrum/display/zx_saddrpdown
spectrum/display/zx_saddrpleft
spectrum/display/zx_saddrpleft_callee
spectrum/display/zx_saddrpright
spectrum/display/zx_saddrpright_callee
spectrum/display/zx_saddrpup
spectrum/if1/if1_checkblock
spectrum/if1/if1_checksum
spectrum/if1/if1_find_sector
spectrum/if1/if1_find_sector_map
spectrum/if1/if1_free_sectors
spectrum/if1/if1_from_mdv
spectrum/if1/if1_getname
spectrum/if1/if1_init_file
spectrum/if1/if1_edition
spectrum/if1/if1_load_record
spectrum/if1/if1_load_sector
spectrum/if1/if1_mdv_status
spectrum/if1/if1_remove_file
spectrum/if1/if1_rommap
spectrum/if1/if1_setname
spectrum/if1/if1_touch_file
spectrum/if1/if1_update_map
spectrum/if1/if1_write_record
spectrum/if1/if1_write_sector
spectrum/opus/get_kempston
spectrum/opus/set_kempston
spectrum/opus/opus_6116
spectrum/opus/opus_getblocks
spectrum/opus/opus_getblocksize
spectrum/opus/opus_lptread
spectrum/opus/opus_lptwrite
spectrum/opus/opus_rommap
spectrum/opus/opus_testchannel
spectrum/opus/opus_version
spectrum/opus/opus_getsect
spectrum/opus/opus_getsect_callee
spectrum/opus/opus_putsect
spectrum/opus/opus_putsect_callee
spectrum/tape/tape_load_block
spectrum/tape/tape_load_block_callee
spectrum/tape/tape_save
spectrum/tape/tape_save_block
spectrum/tape/tape_save_block_callee
spectrum/ulaplus/ula_normal_mode
spectrum/ulaplus/ula_plus_mode
spectrum/ulaplus/ula_sync
spectrum/ulaplus/ulaplus_set
spectrum/ulaplus/ulaplus_get
spectrum/uspeech/currah_detect
spectrum/uspeech/currah_direct
spectrum/uspeech/currah_speech
spectrum/zxmmc/clock32
spectrum/zxmmc/cs_high
spectrum/zxmmc/cs_low
spectrum/zxmmc/mmc_command
spectrum/zxmmc/mmc_fastpage
spectrum/zxmmc/mmc_getpage
spectrum/zxmmc/mmc_get_cid_csd
spectrum/zxmmc/mmc_init
spectrum/zxmmc/mmc_load
spectrum/zxmmc/mmc_read_block
spectrum/zxmmc/mmc_read_multidata
spectrum/zxmmc/mmc_size
spectrum/zxmmc/mmc_send_command
spectrum/zxmmc/mmc_wait_response
spectrum/zxmmc/mmc_waitdata_token
spectrum/zxmmc/mmc_write_block
spectrum/zxmmc/mmc_write_command
